%!Adobe-FontList 1.20
%Locale:0x407

%BeginFont
Handler:DirectoryHandler
FontType:Invalid
OutlineFileName:C:\xampp\htdocs\syndesi\license\Font\demo.html
FileModTime:1553636555
%EndFont

%BeginFont
Handler:DirectoryHandler
FontType:Invalid
OutlineFileName:C:\xampp\htdocs\syndesi\license\Font\liga.js
FileModTime:1553636555
%EndFont

%BeginFont
Handler:DirectoryHandler
FontType:Invalid
OutlineFileName:C:\xampp\htdocs\syndesi\license\Font\Read Me.txt
FileModTime:1553636555
%EndFont

%BeginFont
Handler:DirectoryHandler
FontType:Invalid
OutlineFileName:C:\xampp\htdocs\syndesi\license\Font\selection.json
FileModTime:1553636555
%EndFont

%BeginFont
Handler:DirectoryHandler
FontType:Invalid
OutlineFileName:C:\xampp\htdocs\syndesi\license\Font\style.css
FileModTime:1553636555
%EndFont

%BeginFont
Handler:DirectoryHandler
FontType:Invalid
OutlineFileName:C:\xampp\htdocs\syndesi\license\Font\fonts\icomoon.eot
FileModTime:1553636555
%EndFont

%BeginFont
Handler:DirectoryHandler
FontType:Invalid
OutlineFileName:C:\xampp\htdocs\syndesi\license\Font\fonts\icomoon.svg
FileModTime:1553636555
%EndFont

%BeginFont
Handler:DirectoryHandler
FontType:TrueType
FontName:icomoon
FamilyName:icomoon
StyleName:Regular
FullName:icomoon
MenuName:icomoon
StyleBits:0
FamilyNameNative:icomoon
StyleNameNative:Regular
FullNameNative:icomoon Regular
WritingScript:Korean
OutlineFileName:C:\xampp\htdocs\syndesi\license\Font\fonts\icomoon.ttf
DataFormat:sfntData
hasSVG:no
VariableFontType:NonVariableFont
FileLength:58216
FileModTime:1553636555
WeightClass:400
WidthClass:5
AngleClass:0
NameArray:0,Mac,4,icomoon
NameArray:0,Win,1,icomoon
%EndFont

%BeginFont
Handler:DirectoryHandler
FontType:Invalid
OutlineFileName:C:\xampp\htdocs\syndesi\license\Font\fonts\icomoon.woff
FileModTime:1553636555
%EndFont

%BeginFont
Handler:DirectoryHandler
FontType:Invalid
OutlineFileName:C:\xampp\htdocs\syndesi\license\Font\demo-files\demo.css
FileModTime:1553636555
%EndFont

%BeginFont
Handler:DirectoryHandler
FontType:Invalid
OutlineFileName:C:\xampp\htdocs\syndesi\license\Font\demo-files\demo.js
FileModTime:1553636555
%EndFont

